// Jest Snapshot v1, https://goo.gl/fbAQLP

exports[`BoardList.tsx should match snapshot 1`] = `
<DocumentFragment>
  <div
    class="left__side__nav"
    style="left: -100%;"
  >
    <div>
      <div
        class="heading"
      >
        <h6>
          All Boards
        </h6>
        <svg
          aria-hidden="true"
          fill="none"
          height="32"
          stroke="currentColor"
          stroke-width="2"
          viewBox="0 0 24 24"
          width="32"
          xmlns="http://www.w3.org/2000/svg"
        >
          <path
            d="M12 4.5v15m7.5-7.5h-15"
            stroke-linecap="round"
            stroke-linejoin="round"
          />
        </svg>
      </div>
      <div
        class="board__list__wrapper"
        data-testid="board-list-wrapper"
      >
        <div
          class="board__list__container"
          id="#board__list__container"
        >
          <div
            class="board__list__link"
            role="link"
            tabindex="0"
          >
            <svg
              aria-hidden="true"
              class="arrow__right__icon"
              fill="none"
              stroke="currentColor"
              stroke-width="3"
              viewBox="0 0 24 24"
              xmlns="http://www.w3.org/2000/svg"
            >
              <path
                d="M8.25 4.5l7.5 7.5-7.5 7.5"
                stroke-linecap="round"
                stroke-linejoin="round"
              />
            </svg>
            <p>
               my board 1
            </p>
            <svg
              aria-hidden="true"
              class="board__options__ellipses"
              data-testid="toggle-dropdown"
              fill="none"
              id="toggle__dropdown__ad223casdfdasdfedas392af32223"
              stroke="currentColor"
              stroke-width="1.5"
              tabindex="0"
              viewBox="0 0 24 24"
              xmlns="http://www.w3.org/2000/svg"
            >
              <path
                d="M6.75 12a.75.75 0 11-1.5 0 .75.75 0 011.5 0zM12.75 12a.75.75 0 11-1.5 0 .75.75 0 011.5 0zM18.75 12a.75.75 0 11-1.5 0 .75.75 0 011.5 0z"
                stroke-linecap="round"
                stroke-linejoin="round"
              />
            </svg>
            <div
              class="board__list__wrapper"
              data-testid="board-dropdown-wrapper"
              id="board__list__wrapper"
              style="display: none;"
              tabindex="0"
            >
              <div
                class="dropdown"
              >
                <div
                  class="dropdown__option"
                  role="option"
                  tabindex="0"
                >
                  Delete
                </div>
                <div
                  class="dropdown__option"
                  role="option"
                  tabindex="0"
                >
                  Duplicate
                </div>
              </div>
            </div>
          </div>
          <div
            class="board__list__link"
            role="link"
            tabindex="0"
          >
            <svg
              aria-hidden="true"
              class="arrow__right__icon"
              fill="none"
              stroke="currentColor"
              stroke-width="3"
              viewBox="0 0 24 24"
              xmlns="http://www.w3.org/2000/svg"
            >
              <path
                d="M8.25 4.5l7.5 7.5-7.5 7.5"
                stroke-linecap="round"
                stroke-linejoin="round"
              />
            </svg>
            <p>
               test board
            </p>
            <svg
              aria-hidden="true"
              class="board__options__ellipses"
              data-testid="toggle-dropdown"
              fill="none"
              id="toggle__dropdown__ad223cgdsdasdged3f392af32223"
              stroke="currentColor"
              stroke-width="1.5"
              tabindex="0"
              viewBox="0 0 24 24"
              xmlns="http://www.w3.org/2000/svg"
            >
              <path
                d="M6.75 12a.75.75 0 11-1.5 0 .75.75 0 011.5 0zM12.75 12a.75.75 0 11-1.5 0 .75.75 0 011.5 0zM18.75 12a.75.75 0 11-1.5 0 .75.75 0 011.5 0z"
                stroke-linecap="round"
                stroke-linejoin="round"
              />
            </svg>
            <div
              class="board__list__wrapper"
              data-testid="board-dropdown-wrapper"
              id="board__list__wrapper"
              style="display: none;"
              tabindex="0"
            >
              <div
                class="dropdown"
              >
                <div
                  class="dropdown__option"
                  role="option"
                  tabindex="0"
                >
                  Delete
                </div>
                <div
                  class="dropdown__option"
                  role="option"
                  tabindex="0"
                >
                  Duplicate
                </div>
              </div>
            </div>
          </div>
          <div
            class="board__list__link"
            role="link"
            tabindex="0"
          >
            <svg
              aria-hidden="true"
              class="arrow__right__icon"
              fill="none"
              stroke="currentColor"
              stroke-width="3"
              viewBox="0 0 24 24"
              xmlns="http://www.w3.org/2000/svg"
            >
              <path
                d="M8.25 4.5l7.5 7.5-7.5 7.5"
                stroke-linecap="round"
                stroke-linejoin="round"
              />
            </svg>
            <p>
               this board has a long title and long tilte
            </p>
            <svg
              aria-hidden="true"
              class="board__options__ellipses"
              data-testid="toggle-dropdown"
              fill="none"
              id="toggle__dropdown__ad223cdedaggaerukisd3f392af32223"
              stroke="currentColor"
              stroke-width="1.5"
              tabindex="0"
              viewBox="0 0 24 24"
              xmlns="http://www.w3.org/2000/svg"
            >
              <path
                d="M6.75 12a.75.75 0 11-1.5 0 .75.75 0 011.5 0zM12.75 12a.75.75 0 11-1.5 0 .75.75 0 011.5 0zM18.75 12a.75.75 0 11-1.5 0 .75.75 0 011.5 0z"
                stroke-linecap="round"
                stroke-linejoin="round"
              />
            </svg>
            <div
              class="board__list__wrapper"
              data-testid="board-dropdown-wrapper"
              id="board__list__wrapper"
              style="display: none;"
              tabindex="0"
            >
              <div
                class="dropdown"
              >
                <div
                  class="dropdown__option"
                  role="option"
                  tabindex="0"
                >
                  Delete
                </div>
                <div
                  class="dropdown__option"
                  role="option"
                  tabindex="0"
                >
                  Duplicate
                </div>
              </div>
            </div>
          </div>
          <div
            class="board__list__link"
            role="link"
            tabindex="0"
          >
            <svg
              aria-hidden="true"
              class="arrow__right__icon"
              fill="none"
              stroke="currentColor"
              stroke-width="3"
              viewBox="0 0 24 24"
              xmlns="http://www.w3.org/2000/svg"
            >
              <path
                d="M8.25 4.5l7.5 7.5-7.5 7.5"
                stroke-linecap="round"
                stroke-linejoin="round"
              />
            </svg>
            <p>
               Lorem ipsum board
            </p>
            <svg
              aria-hidden="true"
              class="board__options__ellipses"
              data-testid="toggle-dropdown"
              fill="none"
              id="toggle__dropdown__ad2ewrw23cded3giastetf392af32223"
              stroke="currentColor"
              stroke-width="1.5"
              tabindex="0"
              viewBox="0 0 24 24"
              xmlns="http://www.w3.org/2000/svg"
            >
              <path
                d="M6.75 12a.75.75 0 11-1.5 0 .75.75 0 011.5 0zM12.75 12a.75.75 0 11-1.5 0 .75.75 0 011.5 0zM18.75 12a.75.75 0 11-1.5 0 .75.75 0 011.5 0z"
                stroke-linecap="round"
                stroke-linejoin="round"
              />
            </svg>
            <div
              class="board__list__wrapper"
              data-testid="board-dropdown-wrapper"
              id="board__list__wrapper"
              style="display: none;"
              tabindex="0"
            >
              <div
                class="dropdown"
              >
                <div
                  class="dropdown__option"
                  role="option"
                  tabindex="0"
                >
                  Delete
                </div>
                <div
                  class="dropdown__option"
                  role="option"
                  tabindex="0"
                >
                  Duplicate
                </div>
              </div>
            </div>
          </div>
          <div
            class="board__list__link"
            role="link"
            tabindex="0"
          >
            <svg
              aria-hidden="true"
              class="arrow__right__icon"
              fill="none"
              stroke="currentColor"
              stroke-width="3"
              viewBox="0 0 24 24"
              xmlns="http://www.w3.org/2000/svg"
            >
              <path
                d="M8.25 4.5l7.5 7.5-7.5 7.5"
                stroke-linecap="round"
                stroke-linejoin="round"
              />
            </svg>
            <p>
               my pro
            </p>
            <svg
              aria-hidden="true"
              class="board__options__ellipses"
              data-testid="toggle-dropdown"
              fill="none"
              id="toggle__dropdown__ad22d3artygsdcded3f392af32223"
              stroke="currentColor"
              stroke-width="1.5"
              tabindex="0"
              viewBox="0 0 24 24"
              xmlns="http://www.w3.org/2000/svg"
            >
              <path
                d="M6.75 12a.75.75 0 11-1.5 0 .75.75 0 011.5 0zM12.75 12a.75.75 0 11-1.5 0 .75.75 0 011.5 0zM18.75 12a.75.75 0 11-1.5 0 .75.75 0 011.5 0z"
                stroke-linecap="round"
                stroke-linejoin="round"
              />
            </svg>
            <div
              class="board__list__wrapper"
              data-testid="board-dropdown-wrapper"
              id="board__list__wrapper"
              style="display: none;"
              tabindex="0"
            >
              <div
                class="dropdown"
              >
                <div
                  class="dropdown__option"
                  role="option"
                  tabindex="0"
                >
                  Delete
                </div>
                <div
                  class="dropdown__option"
                  role="option"
                  tabindex="0"
                >
                  Duplicate
                </div>
              </div>
            </div>
          </div>
          <div
            class="board__list__link"
            role="link"
            tabindex="0"
          >
            <svg
              aria-hidden="true"
              class="arrow__right__icon"
              fill="none"
              stroke="currentColor"
              stroke-width="3"
              viewBox="0 0 24 24"
              xmlns="http://www.w3.org/2000/svg"
            >
              <path
                d="M8.25 4.5l7.5 7.5-7.5 7.5"
                stroke-linecap="round"
                stroke-linejoin="round"
              />
            </svg>
            <p>
               Another board
            </p>
            <svg
              aria-hidden="true"
              class="board__options__ellipses"
              data-testid="toggle-dropdown"
              fill="none"
              id="toggle__dropdown__ad2agghreqkur23cded3f392af32223"
              stroke="currentColor"
              stroke-width="1.5"
              tabindex="0"
              viewBox="0 0 24 24"
              xmlns="http://www.w3.org/2000/svg"
            >
              <path
                d="M6.75 12a.75.75 0 11-1.5 0 .75.75 0 011.5 0zM12.75 12a.75.75 0 11-1.5 0 .75.75 0 011.5 0zM18.75 12a.75.75 0 11-1.5 0 .75.75 0 011.5 0z"
                stroke-linecap="round"
                stroke-linejoin="round"
              />
            </svg>
            <div
              class="board__list__wrapper"
              data-testid="board-dropdown-wrapper"
              id="board__list__wrapper"
              style="display: none;"
              tabindex="0"
            >
              <div
                class="dropdown"
              >
                <div
                  class="dropdown__option"
                  role="option"
                  tabindex="0"
                >
                  Delete
                </div>
                <div
                  class="dropdown__option"
                  role="option"
                  tabindex="0"
                >
                  Duplicate
                </div>
              </div>
            </div>
          </div>
          <div
            class="board__list__link"
            role="link"
            tabindex="0"
          >
            <svg
              aria-hidden="true"
              class="arrow__right__icon"
              fill="none"
              stroke="currentColor"
              stroke-width="3"
              viewBox="0 0 24 24"
              xmlns="http://www.w3.org/2000/svg"
            >
              <path
                d="M8.25 4.5l7.5 7.5-7.5 7.5"
                stroke-linecap="round"
                stroke-linejoin="round"
              />
            </svg>
            <p>
               my project 7
            </p>
            <svg
              aria-hidden="true"
              class="board__options__ellipses"
              data-testid="toggle-dropdown"
              fill="none"
              id="toggle__dropdown__ad22kljdrg3yeucded3f392af32223"
              stroke="currentColor"
              stroke-width="1.5"
              tabindex="0"
              viewBox="0 0 24 24"
              xmlns="http://www.w3.org/2000/svg"
            >
              <path
                d="M6.75 12a.75.75 0 11-1.5 0 .75.75 0 011.5 0zM12.75 12a.75.75 0 11-1.5 0 .75.75 0 011.5 0zM18.75 12a.75.75 0 11-1.5 0 .75.75 0 011.5 0z"
                stroke-linecap="round"
                stroke-linejoin="round"
              />
            </svg>
            <div
              class="board__list__wrapper"
              data-testid="board-dropdown-wrapper"
              id="board__list__wrapper"
              style="display: none;"
              tabindex="0"
            >
              <div
                class="dropdown"
              >
                <div
                  class="dropdown__option"
                  role="option"
                  tabindex="0"
                >
                  Delete
                </div>
                <div
                  class="dropdown__option"
                  role="option"
                  tabindex="0"
                >
                  Duplicate
                </div>
              </div>
            </div>
          </div>
          <div
            class="board__list__link"
            role="link"
            tabindex="0"
          >
            <svg
              aria-hidden="true"
              class="arrow__right__icon"
              fill="none"
              stroke="currentColor"
              stroke-width="3"
              viewBox="0 0 24 24"
              xmlns="http://www.w3.org/2000/svg"
            >
              <path
                d="M8.25 4.5l7.5 7.5-7.5 7.5"
                stroke-linecap="round"
                stroke-linejoin="round"
              />
            </svg>
            <p>
               my project with a very long title
            </p>
            <svg
              aria-hidden="true"
              class="board__options__ellipses"
              data-testid="toggle-dropdown"
              fill="none"
              id="toggle__dropdown__ad22kljdrg3cded3f392afnneye32223"
              stroke="currentColor"
              stroke-width="1.5"
              tabindex="0"
              viewBox="0 0 24 24"
              xmlns="http://www.w3.org/2000/svg"
            >
              <path
                d="M6.75 12a.75.75 0 11-1.5 0 .75.75 0 011.5 0zM12.75 12a.75.75 0 11-1.5 0 .75.75 0 011.5 0zM18.75 12a.75.75 0 11-1.5 0 .75.75 0 011.5 0z"
                stroke-linecap="round"
                stroke-linejoin="round"
              />
            </svg>
            <div
              class="board__list__wrapper"
              data-testid="board-dropdown-wrapper"
              id="board__list__wrapper"
              style="display: none;"
              tabindex="0"
            >
              <div
                class="dropdown"
              >
                <div
                  class="dropdown__option"
                  role="option"
                  tabindex="0"
                >
                  Delete
                </div>
                <div
                  class="dropdown__option"
                  role="option"
                  tabindex="0"
                >
                  Duplicate
                </div>
              </div>
            </div>
          </div>
          <div
            class="board__list__link"
            role="link"
            tabindex="0"
          >
            <svg
              aria-hidden="true"
              class="arrow__right__icon"
              fill="none"
              stroke="currentColor"
              stroke-width="3"
              viewBox="0 0 24 24"
              xmlns="http://www.w3.org/2000/svg"
            >
              <path
                d="M8.25 4.5l7.5 7.5-7.5 7.5"
                stroke-linecap="round"
                stroke-linejoin="round"
              />
            </svg>
            <p>
               Lorem ipsum board
            </p>
            <svg
              aria-hidden="true"
              class="board__options__ellipses"
              data-testid="toggle-dropdown"
              fill="none"
              id="toggle__dropdown__ad2ewrw23cded3gitf392af32223"
              stroke="currentColor"
              stroke-width="1.5"
              tabindex="0"
              viewBox="0 0 24 24"
              xmlns="http://www.w3.org/2000/svg"
            >
              <path
                d="M6.75 12a.75.75 0 11-1.5 0 .75.75 0 011.5 0zM12.75 12a.75.75 0 11-1.5 0 .75.75 0 011.5 0zM18.75 12a.75.75 0 11-1.5 0 .75.75 0 011.5 0z"
                stroke-linecap="round"
                stroke-linejoin="round"
              />
            </svg>
            <div
              class="board__list__wrapper"
              data-testid="board-dropdown-wrapper"
              id="board__list__wrapper"
              style="display: none;"
              tabindex="0"
            >
              <div
                class="dropdown"
              >
                <div
                  class="dropdown__option"
                  role="option"
                  tabindex="0"
                >
                  Delete
                </div>
                <div
                  class="dropdown__option"
                  role="option"
                  tabindex="0"
                >
                  Duplicate
                </div>
              </div>
            </div>
          </div>
          <div
            class="board__list__link"
            role="link"
            tabindex="0"
          >
            <svg
              aria-hidden="true"
              class="arrow__right__icon"
              fill="none"
              stroke="currentColor"
              stroke-width="3"
              viewBox="0 0 24 24"
              xmlns="http://www.w3.org/2000/svg"
            >
              <path
                d="M8.25 4.5l7.5 7.5-7.5 7.5"
                stroke-linecap="round"
                stroke-linejoin="round"
              />
            </svg>
            <p>
               Lorem ipsum board
            </p>
            <svg
              aria-hidden="true"
              class="board__options__ellipses"
              data-testid="toggle-dropdown"
              fill="none"
              id="toggle__dropdown__ad2ewrw23cded3gitf392afasfg"
              stroke="currentColor"
              stroke-width="1.5"
              tabindex="0"
              viewBox="0 0 24 24"
              xmlns="http://www.w3.org/2000/svg"
            >
              <path
                d="M6.75 12a.75.75 0 11-1.5 0 .75.75 0 011.5 0zM12.75 12a.75.75 0 11-1.5 0 .75.75 0 011.5 0zM18.75 12a.75.75 0 11-1.5 0 .75.75 0 011.5 0z"
                stroke-linecap="round"
                stroke-linejoin="round"
              />
            </svg>
            <div
              class="board__list__wrapper"
              data-testid="board-dropdown-wrapper"
              id="board__list__wrapper"
              style="display: none;"
              tabindex="0"
            >
              <div
                class="dropdown"
              >
                <div
                  class="dropdown__option"
                  role="option"
                  tabindex="0"
                >
                  Delete
                </div>
                <div
                  class="dropdown__option"
                  role="option"
                  tabindex="0"
                >
                  Duplicate
                </div>
              </div>
            </div>
          </div>
          <div
            class="board__list__link"
            role="link"
            tabindex="0"
          >
            <svg
              aria-hidden="true"
              class="arrow__right__icon"
              fill="none"
              stroke="currentColor"
              stroke-width="3"
              viewBox="0 0 24 24"
              xmlns="http://www.w3.org/2000/svg"
            >
              <path
                d="M8.25 4.5l7.5 7.5-7.5 7.5"
                stroke-linecap="round"
                stroke-linejoin="round"
              />
            </svg>
            <p>
               Lorem ipsum board
            </p>
            <svg
              aria-hidden="true"
              class="board__options__ellipses"
              data-testid="toggle-dropdown"
              fill="none"
              id="toggle__dropdown__ad2ewrw23cded3gitf3asdg92af32223"
              stroke="currentColor"
              stroke-width="1.5"
              tabindex="0"
              viewBox="0 0 24 24"
              xmlns="http://www.w3.org/2000/svg"
            >
              <path
                d="M6.75 12a.75.75 0 11-1.5 0 .75.75 0 011.5 0zM12.75 12a.75.75 0 11-1.5 0 .75.75 0 011.5 0zM18.75 12a.75.75 0 11-1.5 0 .75.75 0 011.5 0z"
                stroke-linecap="round"
                stroke-linejoin="round"
              />
            </svg>
            <div
              class="board__list__wrapper"
              data-testid="board-dropdown-wrapper"
              id="board__list__wrapper"
              style="display: none;"
              tabindex="0"
            >
              <div
                class="dropdown"
              >
                <div
                  class="dropdown__option"
                  role="option"
                  tabindex="0"
                >
                  Delete
                </div>
                <div
                  class="dropdown__option"
                  role="option"
                  tabindex="0"
                >
                  Duplicate
                </div>
              </div>
            </div>
          </div>
          <div
            class="board__list__link"
            role="link"
            tabindex="0"
          >
            <svg
              aria-hidden="true"
              class="arrow__right__icon"
              fill="none"
              stroke="currentColor"
              stroke-width="3"
              viewBox="0 0 24 24"
              xmlns="http://www.w3.org/2000/svg"
            >
              <path
                d="M8.25 4.5l7.5 7.5-7.5 7.5"
                stroke-linecap="round"
                stroke-linejoin="round"
              />
            </svg>
            <p>
               Lorem ipsum board
            </p>
            <svg
              aria-hidden="true"
              class="board__options__ellipses"
              data-testid="toggle-dropdown"
              fill="none"
              id="toggle__dropdown__ad2ewrw23cded3giwertf392af32223"
              stroke="currentColor"
              stroke-width="1.5"
              tabindex="0"
              viewBox="0 0 24 24"
              xmlns="http://www.w3.org/2000/svg"
            >
              <path
                d="M6.75 12a.75.75 0 11-1.5 0 .75.75 0 011.5 0zM12.75 12a.75.75 0 11-1.5 0 .75.75 0 011.5 0zM18.75 12a.75.75 0 11-1.5 0 .75.75 0 011.5 0z"
                stroke-linecap="round"
                stroke-linejoin="round"
              />
            </svg>
            <div
              class="board__list__wrapper"
              data-testid="board-dropdown-wrapper"
              id="board__list__wrapper"
              style="display: none;"
              tabindex="0"
            >
              <div
                class="dropdown"
              >
                <div
                  class="dropdown__option"
                  role="option"
                  tabindex="0"
                >
                  Delete
                </div>
                <div
                  class="dropdown__option"
                  role="option"
                  tabindex="0"
                >
                  Duplicate
                </div>
              </div>
            </div>
          </div>
          <div
            class="board__list__link"
            role="link"
            tabindex="0"
          >
            <svg
              aria-hidden="true"
              class="arrow__right__icon"
              fill="none"
              stroke="currentColor"
              stroke-width="3"
              viewBox="0 0 24 24"
              xmlns="http://www.w3.org/2000/svg"
            >
              <path
                d="M8.25 4.5l7.5 7.5-7.5 7.5"
                stroke-linecap="round"
                stroke-linejoin="round"
              />
            </svg>
            <p>
               Lorem ipsum board
            </p>
            <svg
              aria-hidden="true"
              class="board__options__ellipses"
              data-testid="toggle-dropdown"
              fill="none"
              id="toggle__dropdown__ad2ewrw23cded3giwqrtf392af32223"
              stroke="currentColor"
              stroke-width="1.5"
              tabindex="0"
              viewBox="0 0 24 24"
              xmlns="http://www.w3.org/2000/svg"
            >
              <path
                d="M6.75 12a.75.75 0 11-1.5 0 .75.75 0 011.5 0zM12.75 12a.75.75 0 11-1.5 0 .75.75 0 011.5 0zM18.75 12a.75.75 0 11-1.5 0 .75.75 0 011.5 0z"
                stroke-linecap="round"
                stroke-linejoin="round"
              />
            </svg>
            <div
              class="board__list__wrapper"
              data-testid="board-dropdown-wrapper"
              id="board__list__wrapper"
              style="display: none;"
              tabindex="0"
            >
              <div
                class="dropdown"
              >
                <div
                  class="dropdown__option"
                  role="option"
                  tabindex="0"
                >
                  Delete
                </div>
                <div
                  class="dropdown__option"
                  role="option"
                  tabindex="0"
                >
                  Duplicate
                </div>
              </div>
            </div>
          </div>
          <div
            class="board__list__link"
            role="link"
            tabindex="0"
          >
            <svg
              aria-hidden="true"
              class="arrow__right__icon"
              fill="none"
              stroke="currentColor"
              stroke-width="3"
              viewBox="0 0 24 24"
              xmlns="http://www.w3.org/2000/svg"
            >
              <path
                d="M8.25 4.5l7.5 7.5-7.5 7.5"
                stroke-linecap="round"
                stroke-linejoin="round"
              />
            </svg>
            <p>
               Lorem ipsum board
            </p>
            <svg
              aria-hidden="true"
              class="board__options__ellipses"
              data-testid="toggle-dropdown"
              fill="none"
              id="toggle__dropdown__ad2ewrwbqdfg23cded3gitf392af32223"
              stroke="currentColor"
              stroke-width="1.5"
              tabindex="0"
              viewBox="0 0 24 24"
              xmlns="http://www.w3.org/2000/svg"
            >
              <path
                d="M6.75 12a.75.75 0 11-1.5 0 .75.75 0 011.5 0zM12.75 12a.75.75 0 11-1.5 0 .75.75 0 011.5 0zM18.75 12a.75.75 0 11-1.5 0 .75.75 0 011.5 0z"
                stroke-linecap="round"
                stroke-linejoin="round"
              />
            </svg>
            <div
              class="board__list__wrapper"
              data-testid="board-dropdown-wrapper"
              id="board__list__wrapper"
              style="display: none;"
              tabindex="0"
            >
              <div
                class="dropdown"
              >
                <div
                  class="dropdown__option"
                  role="option"
                  tabindex="0"
                >
                  Delete
                </div>
                <div
                  class="dropdown__option"
                  role="option"
                  tabindex="0"
                >
                  Duplicate
                </div>
              </div>
            </div>
          </div>
          <div
            class="board__list__link"
            role="link"
            tabindex="0"
          >
            <svg
              aria-hidden="true"
              class="arrow__right__icon"
              fill="none"
              stroke="currentColor"
              stroke-width="3"
              viewBox="0 0 24 24"
              xmlns="http://www.w3.org/2000/svg"
            >
              <path
                d="M8.25 4.5l7.5 7.5-7.5 7.5"
                stroke-linecap="round"
                stroke-linejoin="round"
              />
            </svg>
            <p>
               Lorem ipsum board
            </p>
            <svg
              aria-hidden="true"
              class="board__options__ellipses"
              data-testid="toggle-dropdown"
              fill="none"
              id="toggle__dropdown__ad2ewrw2hqre3cded3gitf392af32223"
              stroke="currentColor"
              stroke-width="1.5"
              tabindex="0"
              viewBox="0 0 24 24"
              xmlns="http://www.w3.org/2000/svg"
            >
              <path
                d="M6.75 12a.75.75 0 11-1.5 0 .75.75 0 011.5 0zM12.75 12a.75.75 0 11-1.5 0 .75.75 0 011.5 0zM18.75 12a.75.75 0 11-1.5 0 .75.75 0 011.5 0z"
                stroke-linecap="round"
                stroke-linejoin="round"
              />
            </svg>
            <div
              class="board__list__wrapper"
              data-testid="board-dropdown-wrapper"
              id="board__list__wrapper"
              style="display: none;"
              tabindex="0"
            >
              <div
                class="dropdown"
              >
                <div
                  class="dropdown__option"
                  role="option"
                  tabindex="0"
                >
                  Delete
                </div>
                <div
                  class="dropdown__option"
                  role="option"
                  tabindex="0"
                >
                  Duplicate
                </div>
              </div>
            </div>
          </div>
        </div>
      </div>
    </div>
    <div>
      <div
        class="logout__btn"
      >
        <button
          class="button primary "
          style="height: 64px; width: 100%; justify-content: space-between;"
        >
          <h6>
            Logout
          </h6>
          <svg
            aria-hidden="true"
            fill="none"
            height="32"
            stroke="currentColor"
            stroke-width="2"
            viewBox="0 0 24 24"
            width="32"
            xmlns="http://www.w3.org/2000/svg"
          >
            <path
              d="M15.75 9V5.25A2.25 2.25 0 0013.5 3h-6a2.25 2.25 0 00-2.25 2.25v13.5A2.25 2.25 0 007.5 21h6a2.25 2.25 0 002.25-2.25V15m3 0l3-3m0 0l-3-3m3 3H9"
              stroke-linecap="round"
              stroke-linejoin="round"
            />
          </svg>
        </button>
      </div>
      <button
        class="button primary "
        style="height: 64px; width: 100%; justify-content: space-between; z-index: 10;"
      >
        <h6>
          New Board
        </h6>
        <svg
          aria-hidden="true"
          fill="none"
          height="32"
          stroke="currentColor"
          stroke-width="2"
          viewBox="0 0 24 24"
          width="32"
          xmlns="http://www.w3.org/2000/svg"
        >
          <path
            d="M12 4.5v15m7.5-7.5h-15"
            stroke-linecap="round"
            stroke-linejoin="round"
          />
        </svg>
      </button>
    </div>
  </div>
</DocumentFragment>
`;
